{"created_at":"Thu Nov 28 00:01:37 +0000 2019","id":1200147252569882625,"id_str":"1200147252569882625","text":"something d52a257b499f1f3e8bd39324524e84ee85559c6edef827da26582593fd7a0de0 or another"}
{"created_at":"Thu Nov 28 00:02:37 +0000 2019","id":1200147252569882625,"id_str":"1200147252569882625","text":"something d52a257b499f1f3e8bd39324524e84ee85559c6edef827da26582593fd7a0de0 or another"}
{"created_at":"Thu Nov 28 00:11:37 +0000 2019","id":1200147252569882625,"id_str":"1200147252569882625","text":"something d52a257b499f1f3e8bd39324524e84ee85559c6edef827da26582593fd7a0de0 or another"}